
RM/COBOL-85 (VER 2.01)  FOR DOS 2.00+          02/13/23  18:35:15 PAGE   1
SOURCE FILE: ARC-SEC                    OPTIONS: L

 LINE   DEBUG     PG/LN  A...B.......2.........3.........4.........5.........6.........7..ID.....8

    1                       IDENTIFICATION DIVISION.
    2                       PROGRAM-ID. ARC-SEC.
    3                       ENVIRONMENT DIVISION.
    4                       INPUT-OUTPUT SECTION.
    5                       FILE-CONTROL.
    6                           SELECT CLIENTES ASSIGN TO DISK.
    7                       DATA DIVISION.
    8                       FILE SECTION.
    9                       FD CLIENTES.
   10                   *
   11                       01 REG-CLI.
   12                           03 ID-CLIENTE PIC 9(03).
   13                           03 NOM-CLI    PIC X(30).
   14                           03 CLA-TAR    PIC 9.
   15                           03 NOM-TAR    PIC X(20).
   16                           03 ANUA       PIC 9(05)V99.
   17                           03 FEC-ING    PIC 9(08).
   18
   19                       WORKING-STORAGE SECTION.
   20                       77 WKS-FIN            PIC 9.
   21                       77 WKS-DESC           PIC X.
   22
   23                       PROCEDURE DIVISION.
   24    000002             INICIO.
   25    000005                 PERFORM 1000-INICIO.
   26    000008                 PERFORM 2000-PROCESO UNTIL WKS-FIN = 1.
   27    000019                 PERFORM 3000-FIN.
   28    000022                 STOP RUN.
   29
   30    000025             1000-INICIO.
   31                   *    CREAR ARCHIVO.
   32                   *    PRIMERA VEZ.
   33                   *    OPEN OUTPUT CLIENTES.
   34                   *    SI YA EXISTE:
   35    000028              OPEN EXTEND CLIENTES.
   36
   37    000038             2000-PROCESO.
   38    000041                 DISPLAY "ID CLIENTE:" LINE 10 POSITION 05.
   39    000053                 ACCEPT ID-CLIENTE LINE 10 POSITION 33.
   40    000065                 DISPLAY "NOMBRE DEL CLIENTE:" LINE 11 POSITION 05.
   41    000077                 ACCEPT NOM-CLI LINE 11 POSITION 33.
   42    000089                 DISPLAY "CLAVE DE LA TARJETA:" LINE 12 POSITION 05.
   43    000101                 ACCEPT CLA-TAR LINE 12 POSITION 33.
   44
   45    000113                 IF CLA-TAR = 1
   46                               MOVE "DEBITO" TO NOM-TAR
   47                               MOVE 1000 TO ANUA
   48                               ELSE IF CLA-TAR = 2
   49                                   MOVE "CREDITO" TO NOM-TAR
   50                                   MOVE 3500 TO ANUA
   51                                   ELSE IF CLA-TAR = 3
   52                                       MOVE "NOMINA" TO NOM-TAR
   53                                       MOVE 0 TO ANUA.
   54
   55    000185                 DISPLAY "FECHA DE INGRESO:(AAAAMMDD)" LINE 15 POSITION 05.
   56    000198                 ACCEPT FEC-ING LINE 15 POSITION 33.
   57
RM/COBOL-85 (VER 2.01)  FOR DOS 2.00+          02/13/23  18:35:15 PAGE   2
SOURCE FILE: ARC-SEC                    OPTIONS: L

 LINE   DEBUG     PG/LN  A...B.......2.........3.........4.........5.........6.........7..ID.....8   ARC-SEC

   58    000210                 WRITE REG-CLI.
   59
   60    000217                 DISPLAY
   61                            "DESEA CAPTURAR MAS REGISTROS?:(S/N)" LINE 17 POSITION 05.
   62    000229                 ACCEPT WKS-DESC LINE 17 POSITION 43.
   63    000241                 IF WKS-DESC = "N"
   64                               MOVE 1 TO WKS-FIN.
   65
   66
   67    000257             3000-FIN.
   68                   *    CERRAR ARCHIVO.
   69    000260                 CLOSE CLIENTES.
RM/COBOL-85 (VER 2.01)  FOR DOS 2.00+          02/13/23  18:35:15 PAGE   3
SOURCE FILE: ARC-SEC                    OPTIONS: L

PROGRAM SUMMARY STATISTICS                                                                           ARC-SEC


READ ONLY SIZE =                       854 (X"00000356") BYTES

READ/WRITE SIZE =                      254 (X"000000FE") BYTES

OVERLAYABLE SEGMENT SIZE =               0 (X"00000000") BYTES

TOTAL SIZE (LESS I/O BUFFERS) =       1108 (X"00000454") BYTES       69 LINES

    0 ERRORS         0 WARNINGS     FOR PROGRAM ARC-SEC



OBJECT VERSION LEVEL =   1
