
RM/COBOL-85 (VER 2.01)  FOR DOS 2.00+          02/14/23  18:57:58 PAGE   1
SOURCE FILE: BUS-SEC                    OPTIONS: L

 LINE   DEBUG     PG/LN  A...B.......2.........3.........4.........5.........6.........7..ID.....8

    1                       IDENTIFICATION DIVISION.
    2                       PROGRAM-ID. BUS-SEC.
    3                       ENVIRONMENT DIVISION.
    4                       INPUT-OUTPUT SECTION.
    5                       FILE-CONTROL.
    6                           SELECT CLIENTES ASSIGN TO DISK.
    7                       DATA DIVISION.
    8                       FILE SECTION.
    9                       FD CLIENTES.
   10                       01 REG-CLI.
   11                           03 ID-CLIENTE PIC 9(03).
   12                           03 NOM-CLI    PIC X(30).
   13                           03 CLA-TAR    PIC 9.
   14                           03 NOM-TAR    PIC X(20).
   15                           03 ANUA       PIC 9(05)V99.
   16                           03 FEC-ING    PIC 9(08).
   17
   18                    WORKING-STORAGE SECTION.
   19                       01 WKS-ID         PIC 999.
   20                    77 WKS-FIN        PIC 9.
   21                       77 WKS-FIN-L      PIC 9.
   22                    77 WKS-DESC       PIC X.
   23
   24                       PROCEDURE DIVISION.
   25    000002             INICIO.
   26    000005                 PERFORM 1000-INICIO.
   27    000008                 PERFORM 2000-PROCESO UNTIL WKS-FIN = 1.
   28    000019                 PERFORM 3000-FIN.
   29    000022                 STOP RUN.
   30
   31    000025             1000-INICIO.
   32    000028                 OPEN INPUT CLIENTES.
   33
   34    000037             2000-PROCESO.
   35
   36    000040                 MOVE 0 TO WKS-FIN-L.
   37    000046                 DISPLAY "INGRESA EL ID:" LINE 10 POSITION 05.
   38    000058                 ACCEPT WKS-ID LINE 10 POSITION 30.
   39
   40    000070                 PERFORM 2010-LEC-DIS UNTIL WKS-FIN-L = 1.
   41
   42    000081                 DISPLAY
   43                            "DESEA REALIZAR OTRA CONSULTA?(S/N)" LINE 13 POSITION 05.
   44    000093                 ACCEPT WKS-DESC LINE 13 POSITION 40.
   45
   46    000105                 IF WKS-DESC = "N"
   47                               MOVE 1 TO WKS-FIN.
   48
   49    000121             2010-LEC-DIS.
   50    000124                 READ CLIENTES
   51                               AT END MOVE 1 TO WKS-FIN-L
   52                               DISPLAY "ID NO ENCONTRADO            "
   53                                    LINE 11 POSITION 05
   54                                CLOSE CLIENTES
   55                                OPEN INPUT CLIENTES.
   56    000165                 IF WKS-ID = ID-CLIENTE
   57                               DISPLAY REG-CLI LINE 11 POSITION 05
RM/COBOL-85 (VER 2.01)  FOR DOS 2.00+          02/14/23  18:57:58 PAGE   2
SOURCE FILE: BUS-SEC                    OPTIONS: L

 LINE   DEBUG     PG/LN  A...B.......2.........3.........4.........5.........6.........7..ID.....8   BUS-SEC

   58                               CLOSE CLIENTES
   59                               OPEN INPUT CLIENTES
   60                           MOVE 1 TO WKS-FIN-L.
   61
   62
   63    000207             3000-FIN.
   64    000210                 CLOSE CLIENTES.
RM/COBOL-85 (VER 2.01)  FOR DOS 2.00+          02/14/23  18:57:58 PAGE   3
SOURCE FILE: BUS-SEC                    OPTIONS: L

PROGRAM SUMMARY STATISTICS                                                                           BUS-SEC


READ ONLY SIZE =                       686 (X"000002AE") BYTES

READ/WRITE SIZE =                      266 (X"0000010A") BYTES

OVERLAYABLE SEGMENT SIZE =               0 (X"00000000") BYTES

TOTAL SIZE (LESS I/O BUFFERS) =        952 (X"000003B8") BYTES       64 LINES

    0 ERRORS         0 WARNINGS     FOR PROGRAM BUS-SEC



OBJECT VERSION LEVEL =   1
